// Jest Snapshot v1, https://goo.gl/fbAQLP

exports[`Profile tests Devuelve el Layout correctamente 1`] = `
Object {
  "asFragment": [Function],
  "baseElement": <body>
    <div>
      <header
        class="headerFijo"
      >
        <div
          class="contenedorHeader"
        >
          <a
            href="/"
          >
            <div
              class="headerIzquierda"
            >
              <img
                alt="logo"
                class="logoImg"
                src="logo1.png"
              />
              <div>
                <h1>
                  Hosting
                  <span>
                    Book
                  </span>
                </h1>
                <p>
                  Hospedamos tu próximo sueño
                </p>
              </div>
            </div>
          </a>
          <div
            class="menuHamburguesa"
          >
            <div
              class="menuHamburguesa"
            >
              <i
                class="bx bx-menu"
              />
            </div>
            <div />
            <div
              class="menuDrawer"
            >
              <div>
                <div
                  class="header"
                >
                  <span
                    class="cerrarSideNav"
                  >
                    X
                  </span>
                  <div
                    class="contenedorProfile"
                  >
                    <p
                      class="avatar"
                    >
                      BR
                    </p>
                    <div
                      class="contenedorNombre"
                    >
                      <p
                        class="saludo"
                      >
                        Hola,
                      </p>
                      <p
                        class="nombre"
                      >
                        Bruno Rodriguez
                      </p>
                    </div>
                    <span
                      class="cerrar"
                      data-testid="btnCerrarSesion"
                    >
                      X
                    </span>
                  </div>
                </div>
                <div
                  class="main"
                >
                  <p
                    class="cerrarSesion"
                  >
                    ¿Deseas
                    <span>
                       cerrar sesión
                    </span>
                    ?
                  </p>
                </div>
                <div
                  class="footer"
                >
                  <i
                    class="bx bxl-facebook-circle"
                  />
                  <i
                    class="bx bxl-linkedin"
                  />
                  <i
                    class="bx bxl-twitter"
                  />
                  <i
                    class="bx bxl-instagram-alt"
                  />
                </div>
              </div>
            </div>
          </div>
          <div
            class="headerDerecha"
          >
            <div
              class="contenedorProfile"
            >
              <p
                class="avatar"
              >
                BR
              </p>
              <div
                class="contenedorNombre"
              >
                <p
                  class="saludo"
                >
                  Hola,
                </p>
                <p
                  class="nombre"
                >
                  Bruno Rodriguez
                </p>
              </div>
              <span
                class="cerrar"
                data-testid="btnCerrarSesion"
              >
                X
              </span>
            </div>
          </div>
        </div>
      </header>
      <main>
        Hola Mundo
      </main>
      <footer
        class="footerFijo"
      >
        <div
          class="contenedorFooter"
        >
          <div
            class="footerIzquierda"
          >
            <p>
              ©2021 Hosting Book
            </p>
          </div>
          <div
            class="footerDerecha"
          >
            <i
              class="bx bxl-facebook-circle"
            />
            <i
              class="bx bxl-linkedin"
            />
            <i
              class="bx bxl-twitter"
            />
            <i
              class="bx bxl-instagram-alt"
            />
          </div>
        </div>
      </footer>
    </div>
  </body>,
  "container": <div>
    <header
      class="headerFijo"
    >
      <div
        class="contenedorHeader"
      >
        <a
          href="/"
        >
          <div
            class="headerIzquierda"
          >
            <img
              alt="logo"
              class="logoImg"
              src="logo1.png"
            />
            <div>
              <h1>
                Hosting
                <span>
                  Book
                </span>
              </h1>
              <p>
                Hospedamos tu próximo sueño
              </p>
            </div>
          </div>
        </a>
        <div
          class="menuHamburguesa"
        >
          <div
            class="menuHamburguesa"
          >
            <i
              class="bx bx-menu"
            />
          </div>
          <div />
          <div
            class="menuDrawer"
          >
            <div>
              <div
                class="header"
              >
                <span
                  class="cerrarSideNav"
                >
                  X
                </span>
                <div
                  class="contenedorProfile"
                >
                  <p
                    class="avatar"
                  >
                    BR
                  </p>
                  <div
                    class="contenedorNombre"
                  >
                    <p
                      class="saludo"
                    >
                      Hola,
                    </p>
                    <p
                      class="nombre"
                    >
                      Bruno Rodriguez
                    </p>
                  </div>
                  <span
                    class="cerrar"
                    data-testid="btnCerrarSesion"
                  >
                    X
                  </span>
                </div>
              </div>
              <div
                class="main"
              >
                <p
                  class="cerrarSesion"
                >
                  ¿Deseas
                  <span>
                     cerrar sesión
                  </span>
                  ?
                </p>
              </div>
              <div
                class="footer"
              >
                <i
                  class="bx bxl-facebook-circle"
                />
                <i
                  class="bx bxl-linkedin"
                />
                <i
                  class="bx bxl-twitter"
                />
                <i
                  class="bx bxl-instagram-alt"
                />
              </div>
            </div>
          </div>
        </div>
        <div
          class="headerDerecha"
        >
          <div
            class="contenedorProfile"
          >
            <p
              class="avatar"
            >
              BR
            </p>
            <div
              class="contenedorNombre"
            >
              <p
                class="saludo"
              >
                Hola,
              </p>
              <p
                class="nombre"
              >
                Bruno Rodriguez
              </p>
            </div>
            <span
              class="cerrar"
              data-testid="btnCerrarSesion"
            >
              X
            </span>
          </div>
        </div>
      </div>
    </header>
    <main>
      Hola Mundo
    </main>
    <footer
      class="footerFijo"
    >
      <div
        class="contenedorFooter"
      >
        <div
          class="footerIzquierda"
        >
          <p>
            ©2021 Hosting Book
          </p>
        </div>
        <div
          class="footerDerecha"
        >
          <i
            class="bx bxl-facebook-circle"
          />
          <i
            class="bx bxl-linkedin"
          />
          <i
            class="bx bxl-twitter"
          />
          <i
            class="bx bxl-instagram-alt"
          />
        </div>
      </div>
    </footer>
  </div>,
  "debug": [Function],
  "findAllByAltText": [Function],
  "findAllByDisplayValue": [Function],
  "findAllByLabelText": [Function],
  "findAllByPlaceholderText": [Function],
  "findAllByRole": [Function],
  "findAllByTestId": [Function],
  "findAllByText": [Function],
  "findAllByTitle": [Function],
  "findByAltText": [Function],
  "findByDisplayValue": [Function],
  "findByLabelText": [Function],
  "findByPlaceholderText": [Function],
  "findByRole": [Function],
  "findByTestId": [Function],
  "findByText": [Function],
  "findByTitle": [Function],
  "getAllByAltText": [Function],
  "getAllByDisplayValue": [Function],
  "getAllByLabelText": [Function],
  "getAllByPlaceholderText": [Function],
  "getAllByRole": [Function],
  "getAllByTestId": [Function],
  "getAllByText": [Function],
  "getAllByTitle": [Function],
  "getByAltText": [Function],
  "getByDisplayValue": [Function],
  "getByLabelText": [Function],
  "getByPlaceholderText": [Function],
  "getByRole": [Function],
  "getByTestId": [Function],
  "getByText": [Function],
  "getByTitle": [Function],
  "queryAllByAltText": [Function],
  "queryAllByDisplayValue": [Function],
  "queryAllByLabelText": [Function],
  "queryAllByPlaceholderText": [Function],
  "queryAllByRole": [Function],
  "queryAllByTestId": [Function],
  "queryAllByText": [Function],
  "queryAllByTitle": [Function],
  "queryByAltText": [Function],
  "queryByDisplayValue": [Function],
  "queryByLabelText": [Function],
  "queryByPlaceholderText": [Function],
  "queryByRole": [Function],
  "queryByTestId": [Function],
  "queryByText": [Function],
  "queryByTitle": [Function],
  "rerender": [Function],
  "unmount": [Function],
}
`;
